components/provider/service-form.tsx(4,24): error TS2792: Cannot find module '@/components/ui/button'. Did you mean to set the 'moduleResolution' option to 'nodenext', or to add aliases to the 'paths' option?
components/provider/service-form.tsx(5,75): error TS2792: Cannot find module '@/components/ui/card'. Did you mean to set the 'moduleResolution' option to 'nodenext', or to add aliases to the 'paths' option?
components/provider/service-form.tsx(6,23): error TS2792: Cannot find module '@/components/ui/input'. Did you mean to set the 'moduleResolution' option to 'nodenext', or to add aliases to the 'paths' option?
components/provider/service-form.tsx(7,23): error TS2792: Cannot find module '@/components/ui/label'. Did you mean to set the 'moduleResolution' option to 'nodenext', or to add aliases to the 'paths' option?
components/provider/service-form.tsx(8,26): error TS2792: Cannot find module '@/components/ui/textarea'. Did you mean to set the 'moduleResolution' option to 'nodenext', or to add aliases to the 'paths' option?
components/provider/service-form.tsx(9,79): error TS2792: Cannot find module '@/components/ui/select'. Did you mean to set the 'moduleResolution' option to 'nodenext', or to add aliases to the 'paths' option?
components/provider/service-form.tsx(10,23): error TS2792: Cannot find module '@/components/ui/badge'. Did you mean to set the 'moduleResolution' option to 'nodenext', or to add aliases to the 'paths' option?
components/provider/service-form.tsx(11,26): error TS2792: Cannot find module '@/components/ui/progress'. Did you mean to set the 'moduleResolution' option to 'nodenext', or to add aliases to the 'paths' option?
components/provider/service-form.tsx(12,79): error TS2792: Cannot find module '@/components/ui/table'. Did you mean to set the 'moduleResolution' option to 'nodenext', or to add aliases to the 'paths' option?
components/provider/service-form.tsx(13,197): error TS2792: Cannot find module 'lucide-react'. Did you mean to set the 'moduleResolution' option to 'nodenext', or to add aliases to the 'paths' option?
components/provider/service-form.tsx(14,66): error TS2792: Cannot find module '@/components/ui/dialog'. Did you mean to set the 'moduleResolution' option to 'nodenext', or to add aliases to the 'paths' option?
components/provider/service-form.tsx(15,27): error TS2792: Cannot find module '@/components/ui/separator'. Did you mean to set the 'moduleResolution' option to 'nodenext', or to add aliases to the 'paths' option?
components/provider/service-form.tsx(16,58): error TS2792: Cannot find module '@/components/ui/tabs'. Did you mean to set the 'moduleResolution' option to 'nodenext', or to add aliases to the 'paths' option?
components/provider/service-form.tsx(17,27): error TS2792: Cannot find module '@/lib/api'. Did you mean to set the 'moduleResolution' option to 'nodenext', or to add aliases to the 'paths' option?
components/provider/service-form.tsx(18,26): error TS2792: Cannot find module '@/components/ui/use-toast'. Did you mean to set the 'moduleResolution' option to 'nodenext', or to add aliases to the 'paths' option?
components/provider/service-form.tsx(19,50): error TS2792: Cannot find module '@/lib/mediaValidator'. Did you mean to set the 'moduleResolution' option to 'nodenext', or to add aliases to the 'paths' option?
components/provider/service-form.tsx(855,5): error TS2339: Property 'div' does not exist on type 'JSX.IntrinsicElements'.
components/provider/service-form.tsx(857,7): error TS2339: Property 'div' does not exist on type 'JSX.IntrinsicElements'.
components/provider/service-form.tsx(858,9): error TS2339: Property 'div' does not exist on type 'JSX.IntrinsicElements'.
components/provider/service-form.tsx(859,11): error TS2339: Property 'h2' does not exist on type 'JSX.IntrinsicElements'.
components/provider/service-form.tsx(861,11): error TS2339: Property 'h2' does not exist on type 'JSX.IntrinsicElements'.
components/provider/service-form.tsx(862,11): error TS2339: Property 'div' does not exist on type 'JSX.IntrinsicElements'.
components/provider/service-form.tsx(863,13): error TS2339: Property 'div' does not exist on type 'JSX.IntrinsicElements'.
components/provider/service-form.tsx(864,13): error TS2339: Property 'p' does not exist on type 'JSX.IntrinsicElements'.
components/provider/service-form.tsx(869,13): error TS2339: Property 'p' does not exist on type 'JSX.IntrinsicElements'.
components/provider/service-form.tsx(870,11): error TS2339: Property 'div' does not exist on type 'JSX.IntrinsicElements'.
components/provider/service-form.tsx(871,9): error TS2339: Property 'div' does not exist on type 'JSX.IntrinsicElements'.
components/provider/service-form.tsx(882,7): error TS2339: Property 'div' does not exist on type 'JSX.IntrinsicElements'.
components/provider/service-form.tsx(885,7): error TS2339: Property 'div' does not exist on type 'JSX.IntrinsicElements'.
components/provider/service-form.tsx(886,11): error TS2339: Property 'div' does not exist on type 'JSX.IntrinsicElements'.
components/provider/service-form.tsx(891,13): error TS2339: Property 'div' does not exist on type 'JSX.IntrinsicElements'.
components/provider/service-form.tsx(898,19): error TS2339: Property 'div' does not exist on type 'JSX.IntrinsicElements'.
components/provider/service-form.tsx(899,21): error TS2339: Property 'button' does not exist on type 'JSX.IntrinsicElements'.
components/provider/service-form.tsx(904,23): error TS2339: Property 'div' does not exist on type 'JSX.IntrinsicElements'.
components/provider/service-form.tsx(914,27): error TS2339: Property 'span' does not exist on type 'JSX.IntrinsicElements'.
components/provider/service-form.tsx(914,76): error TS2339: Property 'span' does not exist on type 'JSX.IntrinsicElements'.
components/provider/service-form.tsx(916,23): error TS2339: Property 'div' does not exist on type 'JSX.IntrinsicElements'.
components/provider/service-form.tsx(917,23): error TS2339: Property 'span' does not exist on type 'JSX.IntrinsicElements'.
components/provider/service-form.tsx(921,23): error TS2339: Property 'span' does not exist on type 'JSX.IntrinsicElements'.
components/provider/service-form.tsx(922,21): error TS2339: Property 'button' does not exist on type 'JSX.IntrinsicElements'.
components/provider/service-form.tsx(928,19): error TS2339: Property 'div' does not exist on type 'JSX.IntrinsicElements'.
components/provider/service-form.tsx(931,13): error TS2339: Property 'div' does not exist on type 'JSX.IntrinsicElements'.
components/provider/service-form.tsx(932,11): error TS2339: Property 'div' does not exist on type 'JSX.IntrinsicElements'.
components/provider/service-form.tsx(933,7): error TS2339: Property 'div' does not exist on type 'JSX.IntrinsicElements'.
components/provider/service-form.tsx(936,7): error TS2339: Property 'div' does not exist on type 'JSX.IntrinsicElements'.
components/provider/service-form.tsx(939,11): error TS2339: Property 'div' does not exist on type 'JSX.IntrinsicElements'.
components/provider/service-form.tsx(940,13): error TS2339: Property 'div' does not exist on type 'JSX.IntrinsicElements'.
components/provider/service-form.tsx(941,15): error TS2339: Property 'h3' does not exist on type 'JSX.IntrinsicElements'.
components/provider/service-form.tsx(941,103): error TS2339: Property 'h3' does not exist on type 'JSX.IntrinsicElements'.
components/provider/service-form.tsx(942,15): error TS2339: Property 'p' does not exist on type 'JSX.IntrinsicElements'.
components/provider/service-form.tsx(942,135): error TS2339: Property 'p' does not exist on type 'JSX.IntrinsicElements'.
components/provider/service-form.tsx(943,13): error TS2339: Property 'div' does not exist on type 'JSX.IntrinsicElements'.
components/provider/service-form.tsx(944,13): error TS2339: Property 'div' does not exist on type 'JSX.IntrinsicElements'.
components/provider/service-form.tsx(945,15): error TS2339: Property 'div' does not exist on type 'JSX.IntrinsicElements'.
components/provider/service-form.tsx(960,19): error TS2339: Property 'p' does not exist on type 'JSX.IntrinsicElements'.
components/provider/service-form.tsx(963,19): error TS2339: Property 'p' does not exist on type 'JSX.IntrinsicElements'.
components/provider/service-form.tsx(965,15): error TS2339: Property 'div' does not exist on type 'JSX.IntrinsicElements'.
components/provider/service-form.tsx(967,15): error TS2339: Property 'div' does not exist on type 'JSX.IntrinsicElements'.
components/provider/service-form.tsx(968,17): error TS2339: Property 'div' does not exist on type 'JSX.IntrinsicElements'.
components/provider/service-form.tsx(991,17): error TS2339: Property 'div' does not exist on type 'JSX.IntrinsicElements'.
components/provider/service-form.tsx(993,17): error TS2339: Property 'div' does not exist on type 'JSX.IntrinsicElements'.
components/provider/service-form.tsx(1005,17): error TS2339: Property 'div' does not exist on type 'JSX.IntrinsicElements'.
components/provider/service-form.tsx(1006,15): error TS2339: Property 'div' does not exist on type 'JSX.IntrinsicElements'.
components/provider/service-form.tsx(1008,15): error TS2339: Property 'div' does not exist on type 'JSX.IntrinsicElements'.
components/provider/service-form.tsx(1009,17): error TS2339: Property 'div' does not exist on type 'JSX.IntrinsicElements'.
components/provider/service-form.tsx(1025,21): error TS2339: Property 'p' does not exist on type 'JSX.IntrinsicElements'.
components/provider/service-form.tsx(1028,21): error TS2339: Property 'p' does not exist on type 'JSX.IntrinsicElements'.
components/provider/service-form.tsx(1030,17): error TS2339: Property 'div' does not exist on type 'JSX.IntrinsicElements'.
components/provider/service-form.tsx(1032,17): error TS2339: Property 'div' does not exist on type 'JSX.IntrinsicElements'.
components/provider/service-form.tsx(1048,21): error TS2339: Property 'p' does not exist on type 'JSX.IntrinsicElements'.
components/provider/service-form.tsx(1051,21): error TS2339: Property 'p' does not exist on type 'JSX.IntrinsicElements'.
components/provider/service-form.tsx(1053,17): error TS2339: Property 'div' does not exist on type 'JSX.IntrinsicElements'.
components/provider/service-form.tsx(1054,15): error TS2339: Property 'div' does not exist on type 'JSX.IntrinsicElements'.
components/provider/service-form.tsx(1055,15): error TS2339: Property 'p' does not exist on type 'JSX.IntrinsicElements'.
components/provider/service-form.tsx(1056,34): error TS2339: Property 'span' does not exist on type 'JSX.IntrinsicElements'.
components/provider/service-form.tsx(1058,52): error TS2339: Property 'span' does not exist on type 'JSX.IntrinsicElements'.
components/provider/service-form.tsx(1059,15): error TS2339: Property 'p' does not exist on type 'JSX.IntrinsicElements'.
components/provider/service-form.tsx(1061,15): error TS2339: Property 'div' does not exist on type 'JSX.IntrinsicElements'.
components/provider/service-form.tsx(1076,17): error TS2339: Property 'div' does not exist on type 'JSX.IntrinsicElements'.
components/provider/service-form.tsx(1077,19): error TS2339: Property 'p' does not exist on type 'JSX.IntrinsicElements'.
components/provider/service-form.tsx(1079,19): error TS2339: Property 'p' does not exist on type 'JSX.IntrinsicElements'.
components/provider/service-form.tsx(1081,21): error TS2339: Property 'p' does not exist on type 'JSX.IntrinsicElements'.
components/provider/service-form.tsx(1084,21): error TS2339: Property 'p' does not exist on type 'JSX.IntrinsicElements'.
components/provider/service-form.tsx(1086,17): error TS2339: Property 'div' does not exist on type 'JSX.IntrinsicElements'.
components/provider/service-form.tsx(1087,15): error TS2339: Property 'div' does not exist on type 'JSX.IntrinsicElements'.
components/provider/service-form.tsx(1089,15): error TS2339: Property 'div' does not exist on type 'JSX.IntrinsicElements'.
components/provider/service-form.tsx(1091,17): error TS2339: Property 'div' does not exist on type 'JSX.IntrinsicElements'.
components/provider/service-form.tsx(1102,17): error TS2339: Property 'div' does not exist on type 'JSX.IntrinsicElements'.
components/provider/service-form.tsx(1103,17): error TS2339: Property 'div' does not exist on type 'JSX.IntrinsicElements'.
components/provider/service-form.tsx(1107,23): error TS2339: Property 'button' does not exist on type 'JSX.IntrinsicElements'.
components/provider/service-form.tsx(1113,23): error TS2339: Property 'button' does not exist on type 'JSX.IntrinsicElements'.
components/provider/service-form.tsx(1116,17): error TS2339: Property 'div' does not exist on type 'JSX.IntrinsicElements'.
components/provider/service-form.tsx(1117,15): error TS2339: Property 'div' does not exist on type 'JSX.IntrinsicElements'.
components/provider/service-form.tsx(1120,13): error TS2339: Property 'div' does not exist on type 'JSX.IntrinsicElements'.
components/provider/service-form.tsx(1121,11): error TS2339: Property 'div' does not exist on type 'JSX.IntrinsicElements'.
components/provider/service-form.tsx(1126,11): error TS2339: Property 'div' does not exist on type 'JSX.IntrinsicElements'.
components/provider/service-form.tsx(1127,13): error TS2339: Property 'div' does not exist on type 'JSX.IntrinsicElements'.
components/provider/service-form.tsx(1128,15): error TS2339: Property 'div' does not exist on type 'JSX.IntrinsicElements'.
components/provider/service-form.tsx(1129,17): error TS2339: Property 'h3' does not exist on type 'JSX.IntrinsicElements'.
components/provider/service-form.tsx(1129,106): error TS2339: Property 'h3' does not exist on type 'JSX.IntrinsicElements'.
components/provider/service-form.tsx(1130,17): error TS2339: Property 'p' does not exist on type 'JSX.IntrinsicElements'.
components/provider/service-form.tsx(1130,139): error TS2339: Property 'p' does not exist on type 'JSX.IntrinsicElements'.
components/provider/service-form.tsx(1131,15): error TS2339: Property 'div' does not exist on type 'JSX.IntrinsicElements'.
components/provider/service-form.tsx(1136,13): error TS2339: Property 'div' does not exist on type 'JSX.IntrinsicElements'.
components/provider/service-form.tsx(1137,13): error TS2339: Property 'div' does not exist on type 'JSX.IntrinsicElements'.
components/provider/service-form.tsx(1139,17): error TS2339: Property 'div' does not exist on type 'JSX.IntrinsicElements'.
components/provider/service-form.tsx(1140,19): error TS2339: Property 'div' does not exist on type 'JSX.IntrinsicElements'.
components/provider/service-form.tsx(1142,19): error TS2339: Property 'div' does not exist on type 'JSX.IntrinsicElements'.
components/provider/service-form.tsx(1143,19): error TS2339: Property 'p' does not exist on type 'JSX.IntrinsicElements'.
components/provider/service-form.tsx(1143,124): error TS2339: Property 'p' does not exist on type 'JSX.IntrinsicElements'.
components/provider/service-form.tsx(1144,19): error TS2339: Property 'p' does not exist on type 'JSX.IntrinsicElements'.
components/provider/service-form.tsx(1144,116): error TS2339: Property 'p' does not exist on type 'JSX.IntrinsicElements'.
components/provider/service-form.tsx(1145,17): error TS2339: Property 'div' does not exist on type 'JSX.IntrinsicElements'.
components/provider/service-form.tsx(1147,17): error TS2339: Property 'div' does not exist on type 'JSX.IntrinsicElements'.
components/provider/service-form.tsx(1149,21): error TS2339: Property 'div' does not exist on type 'JSX.IntrinsicElements'.
components/provider/service-form.tsx(1150,23): error TS2339: Property 'div' does not exist on type 'JSX.IntrinsicElements'.
components/provider/service-form.tsx(1151,25): error TS2339: Property 'div' does not exist on type 'JSX.IntrinsicElements'.
components/provider/service-form.tsx(1152,27): error TS2339: Property 'div' does not exist on type 'JSX.IntrinsicElements'.
components/provider/service-form.tsx(1153,29): error TS2339: Property 'h4' does not exist on type 'JSX.IntrinsicElements'.
components/provider/service-form.tsx(1153,111): error TS2339: Property 'h4' does not exist on type 'JSX.IntrinsicElements'.
components/provider/service-form.tsx(1157,27): error TS2339: Property 'div' does not exist on type 'JSX.IntrinsicElements'.
components/provider/service-form.tsx(1158,27): error TS2339: Property 'div' does not exist on type 'JSX.IntrinsicElements'.
components/provider/service-form.tsx(1165,27): error TS2339: Property 'div' does not exist on type 'JSX.IntrinsicElements'.
components/provider/service-form.tsx(1166,25): error TS2339: Property 'div' does not exist on type 'JSX.IntrinsicElements'.
components/provider/service-form.tsx(1167,23): error TS2339: Property 'div' does not exist on type 'JSX.IntrinsicElements'.
components/provider/service-form.tsx(1168,23): error TS2339: Property 'div' does not exist on type 'JSX.IntrinsicElements'.
components/provider/service-form.tsx(1169,25): error TS2339: Property 'div' does not exist on type 'JSX.IntrinsicElements'.
components/provider/service-form.tsx(1170,27): error TS2339: Property 'p' does not exist on type 'JSX.IntrinsicElements'.
components/provider/service-form.tsx(1170,98): error TS2339: Property 'p' does not exist on type 'JSX.IntrinsicElements'.
components/provider/service-form.tsx(1171,27): error TS2339: Property 'div' does not exist on type 'JSX.IntrinsicElements'.
components/provider/service-form.tsx(1172,29): error TS2339: Property 'span' does not exist on type 'JSX.IntrinsicElements'.
components/provider/service-form.tsx(1172,125): error TS2339: Property 'span' does not exist on type 'JSX.IntrinsicElements'.
components/provider/service-form.tsx(1172,181): error TS2339: Property 'span' does not exist on type 'JSX.IntrinsicElements'.
components/provider/service-form.tsx(1172,188): error TS2339: Property 'span' does not exist on type 'JSX.IntrinsicElements'.
components/provider/service-form.tsx(1173,29): error TS2339: Property 'span' does not exist on type 'JSX.IntrinsicElements'.
components/provider/service-form.tsx(1173,161): error TS2339: Property 'span' does not exist on type 'JSX.IntrinsicElements'.
components/provider/service-form.tsx(1174,27): error TS2339: Property 'div' does not exist on type 'JSX.IntrinsicElements'.
components/provider/service-form.tsx(1175,25): error TS2339: Property 'div' does not exist on type 'JSX.IntrinsicElements'.
components/provider/service-form.tsx(1176,25): error TS2339: Property 'div' does not exist on type 'JSX.IntrinsicElements'.
components/provider/service-form.tsx(1178,27): error TS2339: Property 'div' does not exist on type 'JSX.IntrinsicElements'.
components/provider/service-form.tsx(1193,27): error TS2339: Property 'div' does not exist on type 'JSX.IntrinsicElements'.
components/provider/service-form.tsx(1194,27): error TS2339: Property 'ul' does not exist on type 'JSX.IntrinsicElements'.
components/provider/service-form.tsx(1196,31): error TS2339: Property 'li' does not exist on type 'JSX.IntrinsicElements'.
components/provider/service-form.tsx(1197,33): error TS2339: Property 'span' does not exist on type 'JSX.IntrinsicElements'.
components/provider/service-form.tsx(1198,35): error TS2339: Property 'div' does not exist on type 'JSX.IntrinsicElements'.
components/provider/service-form.tsx(1200,35): error TS2339: Property 'div' does not exist on type 'JSX.IntrinsicElements'.
components/provider/service-form.tsx(1202,33): error TS2339: Property 'span' does not exist on type 'JSX.IntrinsicElements'.
components/provider/service-form.tsx(1203,33): error TS2339: Property 'button' does not exist on type 'JSX.IntrinsicElements'.
components/provider/service-form.tsx(1209,33): error TS2339: Property 'button' does not exist on type 'JSX.IntrinsicElements'.
components/provider/service-form.tsx(1210,31): error TS2339: Property 'li' does not exist on type 'JSX.IntrinsicElements'.
components/provider/service-form.tsx(1212,27): error TS2339: Property 'ul' does not exist on type 'JSX.IntrinsicElements'.
components/provider/service-form.tsx(1213,25): error TS2339: Property 'div' does not exist on type 'JSX.IntrinsicElements'.
components/provider/service-form.tsx(1214,23): error TS2339: Property 'div' does not exist on type 'JSX.IntrinsicElements'.
components/provider/service-form.tsx(1215,21): error TS2339: Property 'div' does not exist on type 'JSX.IntrinsicElements'.
components/provider/service-form.tsx(1217,17): error TS2339: Property 'div' does not exist on type 'JSX.IntrinsicElements'.
components/provider/service-form.tsx(1219,13): error TS2339: Property 'div' does not exist on type 'JSX.IntrinsicElements'.
components/provider/service-form.tsx(1220,11): error TS2339: Property 'div' does not exist on type 'JSX.IntrinsicElements'.
components/provider/service-form.tsx(1225,11): error TS2339: Property 'div' does not exist on type 'JSX.IntrinsicElements'.
components/provider/service-form.tsx(1226,13): error TS2339: Property 'div' does not exist on type 'JSX.IntrinsicElements'.
components/provider/service-form.tsx(1227,15): error TS2339: Property 'h3' does not exist on type 'JSX.IntrinsicElements'.
components/provider/service-form.tsx(1227,104): error TS2339: Property 'h3' does not exist on type 'JSX.IntrinsicElements'.
components/provider/service-form.tsx(1228,15): error TS2339: Property 'p' does not exist on type 'JSX.IntrinsicElements'.
components/provider/service-form.tsx(1228,167): error TS2339: Property 'p' does not exist on type 'JSX.IntrinsicElements'.
components/provider/service-form.tsx(1229,13): error TS2339: Property 'div' does not exist on type 'JSX.IntrinsicElements'.
components/provider/service-form.tsx(1230,13): error TS2339: Property 'div' does not exist on type 'JSX.IntrinsicElements'.
components/provider/service-form.tsx(1232,15): error TS2339: Property 'div' does not exist on type 'JSX.IntrinsicElements'.
components/provider/service-form.tsx(1233,17): error TS2339: Property 'div' does not exist on type 'JSX.IntrinsicElements'.
components/provider/service-form.tsx(1234,19): error TS2339: Property 'div' does not exist on type 'JSX.IntrinsicElements'.
components/provider/service-form.tsx(1235,21): error TS2339: Property 'div' does not exist on type 'JSX.IntrinsicElements'.
components/provider/service-form.tsx(1236,23): error TS2339: Property 'h3' does not exist on type 'JSX.IntrinsicElements'.
components/provider/service-form.tsx(1236,71): error TS2339: Property 'h3' does not exist on type 'JSX.IntrinsicElements'.
components/provider/service-form.tsx(1237,23): error TS2339: Property 'p' does not exist on type 'JSX.IntrinsicElements'.
components/provider/service-form.tsx(1237,111): error TS2339: Property 'p' does not exist on type 'JSX.IntrinsicElements'.
components/provider/service-form.tsx(1238,21): error TS2339: Property 'div' does not exist on type 'JSX.IntrinsicElements'.
components/provider/service-form.tsx(1239,19): error TS2339: Property 'div' does not exist on type 'JSX.IntrinsicElements'.
components/provider/service-form.tsx(1260,25): error TS2339: Property 'div' does not exist on type 'JSX.IntrinsicElements'.
components/provider/service-form.tsx(1262,27): error TS2339: Property 'h4' does not exist on type 'JSX.IntrinsicElements'.
components/provider/service-form.tsx(1262,75): error TS2339: Property 'h4' does not exist on type 'JSX.IntrinsicElements'.
components/provider/service-form.tsx(1263,27): error TS2339: Property 'p' does not exist on type 'JSX.IntrinsicElements'.
components/provider/service-form.tsx(1265,27): error TS2339: Property 'p' does not exist on type 'JSX.IntrinsicElements'.
components/provider/service-form.tsx(1266,27): error TS2339: Property 'input' does not exist on type 'JSX.IntrinsicElements'.
components/provider/service-form.tsx(1278,27): error TS2339: Property 'p' does not exist on type 'JSX.IntrinsicElements'.
components/provider/service-form.tsx(1280,27): error TS2339: Property 'p' does not exist on type 'JSX.IntrinsicElements'.
components/provider/service-form.tsx(1281,25): error TS2339: Property 'div' does not exist on type 'JSX.IntrinsicElements'.
components/provider/service-form.tsx(1286,25): error TS2339: Property 'div' does not exist on type 'JSX.IntrinsicElements'.
components/provider/service-form.tsx(1288,27): error TS2339: Property 'h4' does not exist on type 'JSX.IntrinsicElements'.
components/provider/service-form.tsx(1288,74): error TS2339: Property 'h4' does not exist on type 'JSX.IntrinsicElements'.
components/provider/service-form.tsx(1289,27): error TS2339: Property 'p' does not exist on type 'JSX.IntrinsicElements'.
components/provider/service-form.tsx(1291,27): error TS2339: Property 'p' does not exist on type 'JSX.IntrinsicElements'.
components/provider/service-form.tsx(1292,27): error TS2339: Property 'input' does not exist on type 'JSX.IntrinsicElements'.
components/provider/service-form.tsx(1304,27): error TS2339: Property 'p' does not exist on type 'JSX.IntrinsicElements'.
components/provider/service-form.tsx(1306,27): error TS2339: Property 'p' does not exist on type 'JSX.IntrinsicElements'.
components/provider/service-form.tsx(1307,25): error TS2339: Property 'div' does not exist on type 'JSX.IntrinsicElements'.
components/provider/service-form.tsx(1312,25): error TS2339: Property 'div' does not exist on type 'JSX.IntrinsicElements'.
components/provider/service-form.tsx(1314,27): error TS2339: Property 'h4' does not exist on type 'JSX.IntrinsicElements'.
components/provider/service-form.tsx(1314,75): error TS2339: Property 'h4' does not exist on type 'JSX.IntrinsicElements'.
components/provider/service-form.tsx(1315,27): error TS2339: Property 'p' does not exist on type 'JSX.IntrinsicElements'.
components/provider/service-form.tsx(1317,27): error TS2339: Property 'p' does not exist on type 'JSX.IntrinsicElements'.
components/provider/service-form.tsx(1318,27): error TS2339: Property 'input' does not exist on type 'JSX.IntrinsicElements'.
components/provider/service-form.tsx(1330,27): error TS2339: Property 'p' does not exist on type 'JSX.IntrinsicElements'.
components/provider/service-form.tsx(1332,27): error TS2339: Property 'p' does not exist on type 'JSX.IntrinsicElements'.
components/provider/service-form.tsx(1333,25): error TS2339: Property 'div' does not exist on type 'JSX.IntrinsicElements'.
components/provider/service-form.tsx(1339,23): error TS2339: Property 'div' does not exist on type 'JSX.IntrinsicElements'.
components/provider/service-form.tsx(1341,25): error TS2339: Property 'h4' does not exist on type 'JSX.IntrinsicElements'.
components/provider/service-form.tsx(1341,69): error TS2339: Property 'h4' does not exist on type 'JSX.IntrinsicElements'.
components/provider/service-form.tsx(1342,25): error TS2339: Property 'div' does not exist on type 'JSX.IntrinsicElements'.
components/provider/service-form.tsx(1346,31): error TS2339: Property 'div' does not exist on type 'JSX.IntrinsicElements'.
components/provider/service-form.tsx(1348,35): error TS2339: Property 'img' does not exist on type 'JSX.IntrinsicElements'.
components/provider/service-form.tsx(1354,35): error TS2339: Property 'div' does not exist on type 'JSX.IntrinsicElements'.
components/provider/service-form.tsx(1355,37): error TS2339: Property 'div' does not exist on type 'JSX.IntrinsicElements'.
components/provider/service-form.tsx(1361,37): error TS2339: Property 'div' does not exist on type 'JSX.IntrinsicElements'.
components/provider/service-form.tsx(1362,37): error TS2339: Property 'div' does not exist on type 'JSX.IntrinsicElements'.
components/provider/service-form.tsx(1363,39): error TS2339: Property 'p' does not exist on type 'JSX.IntrinsicElements'.
components/provider/service-form.tsx(1365,39): error TS2339: Property 'p' does not exist on type 'JSX.IntrinsicElements'.
components/provider/service-form.tsx(1367,41): error TS2339: Property 'p' does not exist on type 'JSX.IntrinsicElements'.
components/provider/service-form.tsx(1369,41): error TS2339: Property 'p' does not exist on type 'JSX.IntrinsicElements'.
components/provider/service-form.tsx(1371,37): error TS2339: Property 'div' does not exist on type 'JSX.IntrinsicElements'.
components/provider/service-form.tsx(1372,35): error TS2339: Property 'div' does not exist on type 'JSX.IntrinsicElements'.
components/provider/service-form.tsx(1374,35): error TS2339: Property 'div' does not exist on type 'JSX.IntrinsicElements'.
components/provider/service-form.tsx(1376,35): error TS2339: Property 'div' does not exist on type 'JSX.IntrinsicElements'.
components/provider/service-form.tsx(1379,33): error TS2339: Property 'button' does not exist on type 'JSX.IntrinsicElements'.
components/provider/service-form.tsx(1386,33): error TS2339: Property 'button' does not exist on type 'JSX.IntrinsicElements'.
components/provider/service-form.tsx(1391,31): error TS2339: Property 'div' does not exist on type 'JSX.IntrinsicElements'.
components/provider/service-form.tsx(1393,25): error TS2339: Property 'div' does not exist on type 'JSX.IntrinsicElements'.
components/provider/service-form.tsx(1394,23): error TS2339: Property 'div' does not exist on type 'JSX.IntrinsicElements'.
components/provider/service-form.tsx(1396,15): error TS2339: Property 'div' does not exist on type 'JSX.IntrinsicElements'.
components/provider/service-form.tsx(1399,17): error TS2339: Property 'div' does not exist on type 'JSX.IntrinsicElements'.
components/provider/service-form.tsx(1400,19): error TS2339: Property 'div' does not exist on type 'JSX.IntrinsicElements'.
components/provider/service-form.tsx(1401,21): error TS2339: Property 'p' does not exist on type 'JSX.IntrinsicElements'.
components/provider/service-form.tsx(1401,122): error TS2339: Property 'p' does not exist on type 'JSX.IntrinsicElements'.
components/provider/service-form.tsx(1402,21): error TS2339: Property 'p' does not exist on type 'JSX.IntrinsicElements'.
components/provider/service-form.tsx(1406,21): error TS2339: Property 'p' does not exist on type 'JSX.IntrinsicElements'.
components/provider/service-form.tsx(1407,19): error TS2339: Property 'div' does not exist on type 'JSX.IntrinsicElements'.
components/provider/service-form.tsx(1411,17): error TS2339: Property 'div' does not exist on type 'JSX.IntrinsicElements'.
components/provider/service-form.tsx(1413,13): error TS2339: Property 'div' does not exist on type 'JSX.IntrinsicElements'.
components/provider/service-form.tsx(1414,11): error TS2339: Property 'div' does not exist on type 'JSX.IntrinsicElements'.
components/provider/service-form.tsx(1415,13): error TS2339: Property 'div' does not exist on type 'JSX.IntrinsicElements'.
components/provider/service-form.tsx(1420,11): error TS2339: Property 'div' does not exist on type 'JSX.IntrinsicElements'.
components/provider/service-form.tsx(1421,13): error TS2339: Property 'div' does not exist on type 'JSX.IntrinsicElements'.
components/provider/service-form.tsx(1422,15): error TS2339: Property 'h3' does not exist on type 'JSX.IntrinsicElements'.
components/provider/service-form.tsx(1422,103): error TS2339: Property 'h3' does not exist on type 'JSX.IntrinsicElements'.
components/provider/service-form.tsx(1423,15): error TS2339: Property 'p' does not exist on type 'JSX.IntrinsicElements'.
components/provider/service-form.tsx(1423,152): error TS2339: Property 'p' does not exist on type 'JSX.IntrinsicElements'.
components/provider/service-form.tsx(1424,13): error TS2339: Property 'div' does not exist on type 'JSX.IntrinsicElements'.
components/provider/service-form.tsx(1425,13): error TS2339: Property 'div' does not exist on type 'JSX.IntrinsicElements'.
components/provider/service-form.tsx(1426,15): error TS2339: Property 'div' does not exist on type 'JSX.IntrinsicElements'.
components/provider/service-form.tsx(1435,15): error TS2339: Property 'div' does not exist on type 'JSX.IntrinsicElements'.
components/provider/service-form.tsx(1437,15): error TS2339: Property 'div' does not exist on type 'JSX.IntrinsicElements'.
components/provider/service-form.tsx(1447,15): error TS2339: Property 'div' does not exist on type 'JSX.IntrinsicElements'.
components/provider/service-form.tsx(1448,13): error TS2339: Property 'div' does not exist on type 'JSX.IntrinsicElements'.
components/provider/service-form.tsx(1449,11): error TS2339: Property 'div' does not exist on type 'JSX.IntrinsicElements'.
components/provider/service-form.tsx(1454,11): error TS2339: Property 'div' does not exist on type 'JSX.IntrinsicElements'.
components/provider/service-form.tsx(1455,13): error TS2339: Property 'div' does not exist on type 'JSX.IntrinsicElements'.
components/provider/service-form.tsx(1456,15): error TS2339: Property 'h3' does not exist on type 'JSX.IntrinsicElements'.
components/provider/service-form.tsx(1456,100): error TS2339: Property 'h3' does not exist on type 'JSX.IntrinsicElements'.
components/provider/service-form.tsx(1457,15): error TS2339: Property 'p' does not exist on type 'JSX.IntrinsicElements'.
components/provider/service-form.tsx(1457,148): error TS2339: Property 'p' does not exist on type 'JSX.IntrinsicElements'.
components/provider/service-form.tsx(1458,13): error TS2339: Property 'div' does not exist on type 'JSX.IntrinsicElements'.
components/provider/service-form.tsx(1459,13): error TS2339: Property 'div' does not exist on type 'JSX.IntrinsicElements'.
components/provider/service-form.tsx(1461,15): error TS2339: Property 'div' does not exist on type 'JSX.IntrinsicElements'.
components/provider/service-form.tsx(1462,17): error TS2339: Property 'h3' does not exist on type 'JSX.IntrinsicElements'.
components/provider/service-form.tsx(1462,72): error TS2339: Property 'h3' does not exist on type 'JSX.IntrinsicElements'.
components/provider/service-form.tsx(1463,17): error TS2339: Property 'div' does not exist on type 'JSX.IntrinsicElements'.
components/provider/service-form.tsx(1464,19): error TS2339: Property 'div' does not exist on type 'JSX.IntrinsicElements'.
components/provider/service-form.tsx(1465,21): error TS2339: Property 'p' does not exist on type 'JSX.IntrinsicElements'.
components/provider/service-form.tsx(1465,70): error TS2339: Property 'p' does not exist on type 'JSX.IntrinsicElements'.
components/provider/service-form.tsx(1466,21): error TS2339: Property 'p' does not exist on type 'JSX.IntrinsicElements'.
components/provider/service-form.tsx(1466,76): error TS2339: Property 'p' does not exist on type 'JSX.IntrinsicElements'.
components/provider/service-form.tsx(1467,19): error TS2339: Property 'div' does not exist on type 'JSX.IntrinsicElements'.
components/provider/service-form.tsx(1468,19): error TS2339: Property 'div' does not exist on type 'JSX.IntrinsicElements'.
components/provider/service-form.tsx(1469,21): error TS2339: Property 'p' does not exist on type 'JSX.IntrinsicElements'.
components/provider/service-form.tsx(1469,66): error TS2339: Property 'p' does not exist on type 'JSX.IntrinsicElements'.
components/provider/service-form.tsx(1470,21): error TS2339: Property 'p' does not exist on type 'JSX.IntrinsicElements'.
components/provider/service-form.tsx(1470,67): error TS2339: Property 'p' does not exist on type 'JSX.IntrinsicElements'.
components/provider/service-form.tsx(1471,19): error TS2339: Property 'div' does not exist on type 'JSX.IntrinsicElements'.
components/provider/service-form.tsx(1472,19): error TS2339: Property 'div' does not exist on type 'JSX.IntrinsicElements'.
components/provider/service-form.tsx(1473,21): error TS2339: Property 'p' does not exist on type 'JSX.IntrinsicElements'.
components/provider/service-form.tsx(1473,66): error TS2339: Property 'p' does not exist on type 'JSX.IntrinsicElements'.
components/provider/service-form.tsx(1474,21): error TS2339: Property 'p' does not exist on type 'JSX.IntrinsicElements'.
components/provider/service-form.tsx(1474,67): error TS2339: Property 'p' does not exist on type 'JSX.IntrinsicElements'.
components/provider/service-form.tsx(1475,19): error TS2339: Property 'div' does not exist on type 'JSX.IntrinsicElements'.
components/provider/service-form.tsx(1476,19): error TS2339: Property 'div' does not exist on type 'JSX.IntrinsicElements'.
components/provider/service-form.tsx(1477,21): error TS2339: Property 'p' does not exist on type 'JSX.IntrinsicElements'.
components/provider/service-form.tsx(1477,69): error TS2339: Property 'p' does not exist on type 'JSX.IntrinsicElements'.
components/provider/service-form.tsx(1478,21): error TS2339: Property 'p' does not exist on type 'JSX.IntrinsicElements'.
components/provider/service-form.tsx(1482,21): error TS2339: Property 'p' does not exist on type 'JSX.IntrinsicElements'.
components/provider/service-form.tsx(1483,19): error TS2339: Property 'div' does not exist on type 'JSX.IntrinsicElements'.
components/provider/service-form.tsx(1484,19): error TS2339: Property 'div' does not exist on type 'JSX.IntrinsicElements'.
components/provider/service-form.tsx(1485,21): error TS2339: Property 'p' does not exist on type 'JSX.IntrinsicElements'.
components/provider/service-form.tsx(1485,69): error TS2339: Property 'p' does not exist on type 'JSX.IntrinsicElements'.
components/provider/service-form.tsx(1486,21): error TS2339: Property 'p' does not exist on type 'JSX.IntrinsicElements'.
components/provider/service-form.tsx(1486,83): error TS2339: Property 'p' does not exist on type 'JSX.IntrinsicElements'.
components/provider/service-form.tsx(1487,19): error TS2339: Property 'div' does not exist on type 'JSX.IntrinsicElements'.
components/provider/service-form.tsx(1489,21): error TS2339: Property 'div' does not exist on type 'JSX.IntrinsicElements'.
components/provider/service-form.tsx(1490,23): error TS2339: Property 'p' does not exist on type 'JSX.IntrinsicElements'.
components/provider/service-form.tsx(1490,76): error TS2339: Property 'p' does not exist on type 'JSX.IntrinsicElements'.
components/provider/service-form.tsx(1491,23): error TS2339: Property 'div' does not exist on type 'JSX.IntrinsicElements'.
components/provider/service-form.tsx(1495,23): error TS2339: Property 'div' does not exist on type 'JSX.IntrinsicElements'.
components/provider/service-form.tsx(1496,21): error TS2339: Property 'div' does not exist on type 'JSX.IntrinsicElements'.
components/provider/service-form.tsx(1498,19): error TS2339: Property 'div' does not exist on type 'JSX.IntrinsicElements'.
components/provider/service-form.tsx(1502,19): error TS2339: Property 'div' does not exist on type 'JSX.IntrinsicElements'.
components/provider/service-form.tsx(1503,17): error TS2339: Property 'div' does not exist on type 'JSX.IntrinsicElements'.
components/provider/service-form.tsx(1504,15): error TS2339: Property 'div' does not exist on type 'JSX.IntrinsicElements'.
components/provider/service-form.tsx(1509,15): error TS2339: Property 'div' does not exist on type 'JSX.IntrinsicElements'.
components/provider/service-form.tsx(1510,17): error TS2339: Property 'h3' does not exist on type 'JSX.IntrinsicElements'.
components/provider/service-form.tsx(1510,92): error TS2339: Property 'h3' does not exist on type 'JSX.IntrinsicElements'.
components/provider/service-form.tsx(1512,19): error TS2339: Property 'p' does not exist on type 'JSX.IntrinsicElements'.
components/provider/service-form.tsx(1512,75): error TS2339: Property 'p' does not exist on type 'JSX.IntrinsicElements'.
components/provider/service-form.tsx(1514,19): error TS2339: Property 'div' does not exist on type 'JSX.IntrinsicElements'.
components/provider/service-form.tsx(1518,27): error TS2339: Property 'div' does not exist on type 'JSX.IntrinsicElements'.
components/provider/service-form.tsx(1521,27): error TS2339: Property 'div' does not exist on type 'JSX.IntrinsicElements'.
components/provider/service-form.tsx(1524,27): error TS2339: Property 'p' does not exist on type 'JSX.IntrinsicElements'.
components/provider/service-form.tsx(1524,89): error TS2339: Property 'p' does not exist on type 'JSX.IntrinsicElements'.
components/provider/service-form.tsx(1525,27): error TS2339: Property 'p' does not exist on type 'JSX.IntrinsicElements'.
components/provider/service-form.tsx(1525,93): error TS2339: Property 'p' does not exist on type 'JSX.IntrinsicElements'.
components/provider/service-form.tsx(1526,27): error TS2339: Property 'p' does not exist on type 'JSX.IntrinsicElements'.
components/provider/service-form.tsx(1526,96): error TS2339: Property 'p' does not exist on type 'JSX.IntrinsicElements'.
components/provider/service-form.tsx(1527,27): error TS2339: Property 'div' does not exist on type 'JSX.IntrinsicElements'.
components/provider/service-form.tsx(1528,29): error TS2339: Property 'p' does not exist on type 'JSX.IntrinsicElements'.
components/provider/service-form.tsx(1528,78): error TS2339: Property 'p' does not exist on type 'JSX.IntrinsicElements'.
components/provider/service-form.tsx(1529,29): error TS2339: Property 'ul' does not exist on type 'JSX.IntrinsicElements'.
components/provider/service-form.tsx(1531,33): error TS2339: Property 'li' does not exist on type 'JSX.IntrinsicElements'.
components/provider/service-form.tsx(1533,35): error TS2339: Property 'span' does not exist on type 'JSX.IntrinsicElements'.
components/provider/service-form.tsx(1533,50): error TS2339: Property 'span' does not exist on type 'JSX.IntrinsicElements'.
components/provider/service-form.tsx(1534,33): error TS2339: Property 'li' does not exist on type 'JSX.IntrinsicElements'.
components/provider/service-form.tsx(1536,29): error TS2339: Property 'ul' does not exist on type 'JSX.IntrinsicElements'.
components/provider/service-form.tsx(1537,27): error TS2339: Property 'div' does not exist on type 'JSX.IntrinsicElements'.
components/provider/service-form.tsx(1541,19): error TS2339: Property 'div' does not exist on type 'JSX.IntrinsicElements'.
components/provider/service-form.tsx(1543,15): error TS2339: Property 'div' does not exist on type 'JSX.IntrinsicElements'.
components/provider/service-form.tsx(1548,15): error TS2339: Property 'div' does not exist on type 'JSX.IntrinsicElements'.
components/provider/service-form.tsx(1549,17): error TS2339: Property 'h3' does not exist on type 'JSX.IntrinsicElements'.
components/provider/service-form.tsx(1549,96): error TS2339: Property 'h3' does not exist on type 'JSX.IntrinsicElements'.
components/provider/service-form.tsx(1551,19): error TS2339: Property 'p' does not exist on type 'JSX.IntrinsicElements'.
components/provider/service-form.tsx(1551,78): error TS2339: Property 'p' does not exist on type 'JSX.IntrinsicElements'.
components/provider/service-form.tsx(1553,19): error TS2339: Property 'div' does not exist on type 'JSX.IntrinsicElements'.
components/provider/service-form.tsx(1555,23): error TS2339: Property 'div' does not exist on type 'JSX.IntrinsicElements'.
components/provider/service-form.tsx(1558,29): error TS2339: Property 'video' does not exist on type 'JSX.IntrinsicElements'.
components/provider/service-form.tsx(1565,29): error TS2339: Property 'img' does not exist on type 'JSX.IntrinsicElements'.
components/provider/service-form.tsx(1572,27): error TS2339: Property 'img' does not exist on type 'JSX.IntrinsicElements'.
components/provider/service-form.tsx(1578,27): error TS2339: Property 'div' does not exist on type 'JSX.IntrinsicElements'.
components/provider/service-form.tsx(1580,27): error TS2339: Property 'div' does not exist on type 'JSX.IntrinsicElements'.
components/provider/service-form.tsx(1582,23): error TS2339: Property 'div' does not exist on type 'JSX.IntrinsicElements'.
components/provider/service-form.tsx(1584,19): error TS2339: Property 'div' does not exist on type 'JSX.IntrinsicElements'.
components/provider/service-form.tsx(1586,15): error TS2339: Property 'div' does not exist on type 'JSX.IntrinsicElements'.
components/provider/service-form.tsx(1591,15): error TS2339: Property 'div' does not exist on type 'JSX.IntrinsicElements'.
components/provider/service-form.tsx(1592,17): error TS2339: Property 'h3' does not exist on type 'JSX.IntrinsicElements'.
components/provider/service-form.tsx(1592,152): error TS2339: Property 'h3' does not exist on type 'JSX.IntrinsicElements'.
components/provider/service-form.tsx(1593,17): error TS2339: Property 'div' does not exist on type 'JSX.IntrinsicElements'.
components/provider/service-form.tsx(1594,19): error TS2339: Property 'div' does not exist on type 'JSX.IntrinsicElements'.
components/provider/service-form.tsx(1595,21): error TS2339: Property 'p' does not exist on type 'JSX.IntrinsicElements'.
components/provider/service-form.tsx(1595,116): error TS2339: Property 'p' does not exist on type 'JSX.IntrinsicElements'.
components/provider/service-form.tsx(1596,21): error TS2339: Property 'p' does not exist on type 'JSX.IntrinsicElements'.
components/provider/service-form.tsx(1596,99): error TS2339: Property 'p' does not exist on type 'JSX.IntrinsicElements'.
components/provider/service-form.tsx(1597,19): error TS2339: Property 'div' does not exist on type 'JSX.IntrinsicElements'.
components/provider/service-form.tsx(1598,19): error TS2339: Property 'div' does not exist on type 'JSX.IntrinsicElements'.
components/provider/service-form.tsx(1599,21): error TS2339: Property 'p' does not exist on type 'JSX.IntrinsicElements'.
components/provider/service-form.tsx(1599,120): error TS2339: Property 'p' does not exist on type 'JSX.IntrinsicElements'.
components/provider/service-form.tsx(1600,21): error TS2339: Property 'p' does not exist on type 'JSX.IntrinsicElements'.
components/provider/service-form.tsx(1600,99): error TS2339: Property 'p' does not exist on type 'JSX.IntrinsicElements'.
components/provider/service-form.tsx(1601,19): error TS2339: Property 'div' does not exist on type 'JSX.IntrinsicElements'.
components/provider/service-form.tsx(1602,17): error TS2339: Property 'div' does not exist on type 'JSX.IntrinsicElements'.
components/provider/service-form.tsx(1603,15): error TS2339: Property 'div' does not exist on type 'JSX.IntrinsicElements'.
components/provider/service-form.tsx(1604,13): error TS2339: Property 'div' does not exist on type 'JSX.IntrinsicElements'.
components/provider/service-form.tsx(1605,11): error TS2339: Property 'div' does not exist on type 'JSX.IntrinsicElements'.
components/provider/service-form.tsx(1607,7): error TS2339: Property 'div' does not exist on type 'JSX.IntrinsicElements'.
components/provider/service-form.tsx(1610,7): error TS2339: Property 'div' does not exist on type 'JSX.IntrinsicElements'.
components/provider/service-form.tsx(1621,9): error TS2339: Property 'div' does not exist on type 'JSX.IntrinsicElements'.
components/provider/service-form.tsx(1622,11): error TS2339: Property 'p' does not exist on type 'JSX.IntrinsicElements'.
components/provider/service-form.tsx(1624,11): error TS2339: Property 'p' does not exist on type 'JSX.IntrinsicElements'.
components/provider/service-form.tsx(1625,11): error TS2339: Property 'div' does not exist on type 'JSX.IntrinsicElements'.
components/provider/service-form.tsx(1627,15): error TS2339: Property 'div' does not exist on type 'JSX.IntrinsicElements'.
components/provider/service-form.tsx(1629,11): error TS2339: Property 'div' does not exist on type 'JSX.IntrinsicElements'.
components/provider/service-form.tsx(1630,9): error TS2339: Property 'div' does not exist on type 'JSX.IntrinsicElements'.
components/provider/service-form.tsx(1642,11): error TS2339: Property 'div' does not exist on type 'JSX.IntrinsicElements'.
components/provider/service-form.tsx(1674,11): error TS2339: Property 'div' does not exist on type 'JSX.IntrinsicElements'.
components/provider/service-form.tsx(1678,11): error TS2339: Property 'div' does not exist on type 'JSX.IntrinsicElements'.
components/provider/service-form.tsx(1679,13): error TS2339: Property 'div' does not exist on type 'JSX.IntrinsicElements'.
components/provider/service-form.tsx(1680,15): error TS2339: Property 'p' does not exist on type 'JSX.IntrinsicElements'.
components/provider/service-form.tsx(1690,15): error TS2339: Property 'p' does not exist on type 'JSX.IntrinsicElements'.
components/provider/service-form.tsx(1691,15): error TS2339: Property 'p' does not exist on type 'JSX.IntrinsicElements'.
components/provider/service-form.tsx(1691,85): error TS2339: Property 'p' does not exist on type 'JSX.IntrinsicElements'.
components/provider/service-form.tsx(1692,13): error TS2339: Property 'div' does not exist on type 'JSX.IntrinsicElements'.
components/provider/service-form.tsx(1695,15): error TS2339: Property 'p' does not exist on type 'JSX.IntrinsicElements'.
components/provider/service-form.tsx(1697,15): error TS2339: Property 'p' does not exist on type 'JSX.IntrinsicElements'.
components/provider/service-form.tsx(1699,11): error TS2339: Property 'div' does not exist on type 'JSX.IntrinsicElements'.
components/provider/service-form.tsx(1701,7): error TS2339: Property 'div' does not exist on type 'JSX.IntrinsicElements'.
components/provider/service-form.tsx(1725,11): error TS2339: Property 'div' does not exist on type 'JSX.IntrinsicElements'.
components/provider/service-form.tsx(1726,13): error TS2339: Property 'div' does not exist on type 'JSX.IntrinsicElements'.
components/provider/service-form.tsx(1734,13): error TS2339: Property 'div' does not exist on type 'JSX.IntrinsicElements'.
components/provider/service-form.tsx(1735,13): error TS2339: Property 'div' does not exist on type 'JSX.IntrinsicElements'.
components/provider/service-form.tsx(1744,13): error TS2339: Property 'div' does not exist on type 'JSX.IntrinsicElements'.
components/provider/service-form.tsx(1747,13): error TS2339: Property 'div' does not exist on type 'JSX.IntrinsicElements'.
components/provider/service-form.tsx(1748,15): error TS2339: Property 'div' does not exist on type 'JSX.IntrinsicElements'.
components/provider/service-form.tsx(1757,15): error TS2339: Property 'div' does not exist on type 'JSX.IntrinsicElements'.
components/provider/service-form.tsx(1758,15): error TS2339: Property 'div' does not exist on type 'JSX.IntrinsicElements'.
components/provider/service-form.tsx(1767,15): error TS2339: Property 'div' does not exist on type 'JSX.IntrinsicElements'.
components/provider/service-form.tsx(1768,13): error TS2339: Property 'div' does not exist on type 'JSX.IntrinsicElements'.
components/provider/service-form.tsx(1770,13): error TS2339: Property 'div' does not exist on type 'JSX.IntrinsicElements'.
components/provider/service-form.tsx(1790,13): error TS2339: Property 'div' does not exist on type 'JSX.IntrinsicElements'.
components/provider/service-form.tsx(1791,11): error TS2339: Property 'div' does not exist on type 'JSX.IntrinsicElements'.
components/provider/service-form.tsx(1794,5): error TS2339: Property 'div' does not exist on type 'JSX.IntrinsicElements'.
components/provider/service-form.tsx(1855,5): error TS2339: Property 'div' does not exist on type 'JSX.IntrinsicElements'.
components/provider/service-form.tsx(1856,7): error TS2339: Property 'div' does not exist on type 'JSX.IntrinsicElements'.
components/provider/service-form.tsx(1869,11): error TS2339: Property 'p' does not exist on type 'JSX.IntrinsicElements'.
components/provider/service-form.tsx(1872,11): error TS2339: Property 'p' does not exist on type 'JSX.IntrinsicElements'.
components/provider/service-form.tsx(1874,7): error TS2339: Property 'div' does not exist on type 'JSX.IntrinsicElements'.
components/provider/service-form.tsx(1876,7): error TS2339: Property 'div' does not exist on type 'JSX.IntrinsicElements'.
components/provider/service-form.tsx(1877,9): error TS2339: Property 'div' does not exist on type 'JSX.IntrinsicElements'.
components/provider/service-form.tsx(1891,13): error TS2339: Property 'p' does not exist on type 'JSX.IntrinsicElements'.
components/provider/service-form.tsx(1894,13): error TS2339: Property 'p' does not exist on type 'JSX.IntrinsicElements'.
components/provider/service-form.tsx(1896,9): error TS2339: Property 'div' does not exist on type 'JSX.IntrinsicElements'.
components/provider/service-form.tsx(1898,9): error TS2339: Property 'div' does not exist on type 'JSX.IntrinsicElements'.
components/provider/service-form.tsx(1911,13): error TS2339: Property 'p' does not exist on type 'JSX.IntrinsicElements'.
components/provider/service-form.tsx(1914,13): error TS2339: Property 'p' does not exist on type 'JSX.IntrinsicElements'.
components/provider/service-form.tsx(1916,9): error TS2339: Property 'div' does not exist on type 'JSX.IntrinsicElements'.
components/provider/service-form.tsx(1917,7): error TS2339: Property 'div' does not exist on type 'JSX.IntrinsicElements'.
components/provider/service-form.tsx(1919,7): error TS2339: Property 'div' does not exist on type 'JSX.IntrinsicElements'.
components/provider/service-form.tsx(1933,11): error TS2339: Property 'p' does not exist on type 'JSX.IntrinsicElements'.
components/provider/service-form.tsx(1936,11): error TS2339: Property 'p' does not exist on type 'JSX.IntrinsicElements'.
components/provider/service-form.tsx(1938,7): error TS2339: Property 'div' does not exist on type 'JSX.IntrinsicElements'.
components/provider/service-form.tsx(1940,7): error TS2339: Property 'div' does not exist on type 'JSX.IntrinsicElements'.
components/provider/service-form.tsx(1941,9): error TS2339: Property 'input' does not exist on type 'JSX.IntrinsicElements'.
components/provider/service-form.tsx(1948,7): error TS2339: Property 'div' does not exist on type 'JSX.IntrinsicElements'.
components/provider/service-form.tsx(1950,7): error TS2339: Property 'div' does not exist on type 'JSX.IntrinsicElements'.
components/provider/service-form.tsx(1958,7): error TS2339: Property 'div' does not exist on type 'JSX.IntrinsicElements'.
components/provider/service-form.tsx(1959,5): error TS2339: Property 'div' does not exist on type 'JSX.IntrinsicElements'.
